[cont] 5m ratio 2.5
[cont]   DEM           r=+1.00000 rho=+1.00000 agg=+1.00000 n=4945582 (23.2s)
[cont]   Slope         r=+0.95989 rho=+0.96993 agg=+0.97739 n=4945582 (17.8s)
[cont]   Curv_plan     r=+0.02003 rho=+0.60375 agg=+0.03277 n=4945582 (17.9s)
[cont]   Curv_profile  r=+0.10051 rho=+0.62992 agg=+0.13230 n=4945580 (17.9s)
[cont]   Tpi           r=+0.99990 rho=+0.99987 agg=+0.99993 n=4945582 (17.4s)
[cont]   Twi           r=+0.96257 rho=+0.97099 agg=+1.00000 n=3593179 (14.9s)
[cont]   Manning       r=+0.99249 rho=+0.92988 agg=+0.98490 n=4945582 (11.8s)
[cont] 10m ratio 5
[cont]   DEM           r=+0.99999 rho=+0.99999 agg=+1.00000 n=1236137 (11.0s)
[cont]   Slope         r=+0.85817 rho=+0.89029 agg=+0.94195 n=1236137 (6.6s)
[cont]   Curv_plan     r=-0.00001 rho=+0.33776 agg=+0.00708 n=1236137 (7.2s)
[cont]   Curv_profile  r=+0.00033 rho=+0.29473 agg=+0.02416 n=1236136 (6.5s)
[cont]   Tpi           r=+0.99880 rho=+0.99844 agg=+0.99956 n=1236137 (6.5s)
[cont]   Twi           r=+0.79626 rho=+0.82361 agg=+1.00000 n=899841 (6.3s)
[cont]   Manning       r=+0.99078 rho=+0.96489 agg=+0.97379 n=1236137 (5.4s)
[cont] 20m ratio 10
[cont]   DEM           r=+0.99998 rho=+0.99996 agg=+1.00000 n=309084 (8.5s)
[cont]   Slope         r=+0.78028 rho=+0.83829 agg=+0.88375 n=309084 (4.2s)
[cont]   Curv_plan     r=+0.00069 rho=+0.24375 agg=+0.01009 n=309084 (4.1s)
[cont]   Curv_profile  r=+0.00429 rho=+0.19813 agg=+0.11777 n=309084 (5.3s)
[cont]   Tpi           r=+0.99439 rho=+0.99296 agg=+0.99800 n=309084 (4.5s)
[cont]   Twi           r=+0.80971 rho=+0.78960 agg=+0.99999 n=224955 (4.6s)
[cont]   Manning       r=+0.97307 rho=+0.92729 agg=+0.94951 n=309084 (3.8s)
[cont] 30m ratio 15
[cont]   DEM           r=+0.99993 rho=+0.99990 agg=+1.00000 n=137334 (8.0s)
[cont]   Slope         r=+0.69707 rho=+0.76845 agg=+0.84147 n=137334 (4.0s)
[cont]   Curv_plan     r=+0.00065 rho=+0.13831 agg=+0.07549 n=137334 (3.6s)
[cont]   Curv_profile  r=-0.00109 rho=+0.11851 agg=+0.03562 n=137334 (3.9s)
[cont]   Tpi           r=+0.96440 rho=+0.95624 agg=+0.97877 n=137334 (4.2s)
[cont]   Twi           r=+0.65700 rho=+0.65146 agg=+0.99999 n=100166 (4.2s)
[cont]   Manning       r=+0.93926 rho=+0.81506 agg=+0.92350 n=137334 (3.7s)
[cont]   h_max         r=+0.6294 rho=+0.2666 agg=+0.6410 n=960985 (8.4s)
[cont]   speed         r=+0.4669 rho=+0.4311 agg=+0.4740 n=102955 (16.0s)
[cont]   h_max         r=+0.6710 rho=+0.4389 agg=+0.6895 n=275971 (4.8s)
[cont]   speed         r=+0.2838 rho=+0.3304 agg=+0.3246 n=27424 (11.1s)
[cont]   h_max         r=+0.3680 rho=+0.3282 agg=+0.3733 n=80492 (3.5s)
[cont]   speed         r=+0.2186 rho=+0.2163 agg=+0.2597 n=5573 (9.6s)
[cont]   h_max         r=+0.2788 rho=+0.3600 agg=+0.2226 n=39203 (3.3s)
[cont]   speed         r=+0.2843 rho=+0.2205 agg=+0.3662 n=2369 (9.4s)
[cont] done in 320s
[cat] Landuse          5m agree=0.9955 kappa=0.9936 V=0.9744 n=4948317
[cat] Building_binary  5m agree=0.9972 kappa=0.9930 V=0.9930 n=4936395
[cat] Landuse          10m agree=0.9999 kappa=0.9998 V=0.9985 n=1237074
[cat] Building_binary  10m agree=0.9903 kappa=0.9760 V=0.9760 n=1233819
[cat] Landuse          20m agree=0.9982 kappa=0.9974 V=0.9982 n=309117
[cat] Building_binary  20m agree=0.9895 kappa=0.9740 V=0.9740 n=308467
[cat] Landuse          30m agree=0.9999 kappa=0.9999 V=0.9999 n=137429
[cat] Building_binary  30m agree=0.9844 kappa=0.9613 V=0.9613 n=137177
wrote E:\Projects\20260921-JiaChenchen-Paper\outputs\premodel\consistency_partial_step1.json
done
