[vm] reading 2 m fields
[vm] support depth 4937385 speed 1807944
[vm] === h_max ===
[vm]   common wet support 826554
[vm]   2m K=3
[vm]   5m K=3
[vm]   10m K=3
[vm]   20m K=3
[vm]   30m K=3
[vm]   2m vs: 2m=1.000 5m=0.230 10m=0.244 20m=0.101 30m=0.048
[vm]   5m vs: 2m=0.230 5m=1.000 10m=0.714 20m=0.184 30m=0.063
[vm]   10m vs: 2m=0.244 5m=0.714 10m=1.000 20m=0.177 30m=0.058
[vm]   20m vs: 2m=0.101 5m=0.184 10m=0.177 20m=1.000 30m=0.067
[vm]   30m vs: 2m=0.048 5m=0.063 10m=0.058 20m=0.067 30m=1.000
[vm]   stability {'0': 0.11110223893417732, '1': 0.028269175395678928, '2': 0.23266719415791345, '3': 0.025280864892069967, '4': 0.6026805266201604} mean 0.745
[vm] === speed ===
[vm]   common wet support 94702
[vm]   2m K=3
[vm]   5m K=3
[vm]   10m K=3
[vm]   20m K=3
[vm]   30m K=3
[vm]   2m vs: 2m=1.000 5m=0.024 10m=0.091 20m=0.028 30m=0.039
[vm]   5m vs: 2m=0.024 5m=1.000 10m=0.076 20m=0.004 30m=0.003
[vm]   10m vs: 2m=0.091 5m=0.076 10m=1.000 20m=0.078 30m=0.073
[vm]   20m vs: 2m=0.028 5m=0.004 10m=0.078 20m=1.000 30m=0.104
[vm]   30m vs: 2m=0.039 5m=0.003 10m=0.073 20m=0.104 30m=1.000
[vm]   stability {'0': 0.19041836497645245, '1': 0.23034360414774768, '2': 0.24227577031108108, '3': 0.17636375155751727, '4': 0.16059850900720155} mean 0.472
[vm] wrote consistency_regions.npz (14 rasters)
wrote E:\Projects\20260921-JiaChenchen-Paper\outputs\premodel\consistency_partial_step3.json
done
