sabre cross-check start
RR version 4.5.3 (2026-03-11 ucrt)| sabre0.4.3| sf1.1.3| terra1.9.50 
[sabre]h_maxregions3/3/3/3/3 
[sabre] h_max 2m|5m v=0.230148955 h=0.241765129 c=0.219597860 (62.4s) 
[sabre] h_max 2m|10m v=0.243777431 h=0.254613638 c=0.233825937 (63.6s) 
[sabre] h_max 2m|20m v=0.100523047 h=0.106967022 c=0.094811362 (54.0s) 
[sabre] h_max 2m|30m v=0.047939582 h=0.053974711 c=0.043118346 (47.8s) 
[sabre] h_max 5m|10m v=0.713945652 h=0.710041007 c=0.717893480 (30.7s) 
[sabre] h_max 5m|20m v=0.184386769 h=0.186669868 c=0.182158843 (29.0s) 
[sabre] h_max 5m|30m v=0.063233983 h=0.067565695 c=0.059424230 (27.7s) 
[sabre] h_max 10m|20m v=0.177180805 h=0.180378678 c=0.174094344 (27.3s) 
[sabre] h_max 10m|30m v=0.057646451 h=0.061957834 c=0.053896054 (25.9s) 
[sabre] h_max 20m|30m v=0.066997899 h=0.070667011 c=0.063690991 (23.1s) 
[sabre]speedregions3/3/3/3/3 
[sabre] speed 2m|5m v=0.023836893 h=0.022642658 c=0.025164116 (21.5s) 
[sabre] speed 2m|10m v=0.091324312 h=0.086104446 c=0.097217903 (19.2s) 
[sabre] speed 2m|20m v=0.027921839 h=0.026492620 c=0.029514058 (18.1s) 
[sabre] speed 2m|30m v=0.039482698 h=0.039003700 c=0.039973608 (18.4s) 
[sabre] speed 5m|10m v=0.075610046 h=0.075017031 c=0.076212511 (10.9s) 
[sabre] speed 5m|20m v=0.004483167 h=0.004477756 c=0.004488592 (9.6s) 
[sabre] speed 5m|30m v=0.003257240 h=0.003394684 c=0.003130493 (9.0s) 
[sabre] speed 10m|20m v=0.077753018 h=0.078277207 c=0.077235803 (8.1s) 
[sabre] speed 10m|30m v=0.073348462 h=0.077077280 c=0.069963778 (4.8s) 
[sabre] speed 20m|30m v=0.103513188 h=0.108016909 c=0.099369996 (4.1s) 
wroteE:/Projects/20260921-JiaChenchen-Paper/outputs/premodel/sabre_r_vmeasure.csv 
