Traceback (most recent call last):
  File "E:\Projects\20260921-JiaChenchen-Paper\scripts\premodel_10_consistency.py", line 615, in <module>
    main()
    ~~~~^^
  File "E:\Projects\20260921-JiaChenchen-Paper\scripts\premodel_10_consistency.py", line 606, in main
    store["vmeasure"] = vmeasure_part(dom2)
                        ~~~~~~~~~~~~~^^^^^^
  File "E:\Projects\20260921-JiaChenchen-Paper\scripts\premodel_10_consistency.py", line 541, in vmeasure_part
    km = kmeans_1d(zs[res], k)
  File "E:\Projects\20260921-JiaChenchen-Paper\scripts\premodel_10_consistency.py", line 481, in kmeans_1d
    return KMeans(n_clusters=k, n_init=10, random_state=seed).fit(sub.reshape(-1, 1))
           ~~~~~~~~~~~~~~~~~~~~~~~~~~~~~~~~~~~~~~~~~~~~~~~~~~~~~~^^^^^^^^^^^^^^^^^^^^
  File "E:\Miniconda3\Lib\site-packages\sklearn\base.py", line 1336, in wrapper
    return fit_method(estimator, *args, **kwargs)
  File "E:\Miniconda3\Lib\site-packages\sklearn\cluster\_kmeans.py", line 1460, in fit
    X = validate_data(
        self,
    ...<5 lines>...
        accept_large_sparse=False,
    )
  File "E:\Miniconda3\Lib\site-packages\sklearn\utils\validation.py", line 2902, in validate_data
    out = check_array(X, input_name="X", **check_params)
  File "E:\Miniconda3\Lib\site-packages\sklearn\utils\validation.py", line 1074, in check_array
    _assert_all_finite(
    ~~~~~~~~~~~~~~~~~~^
        array,
        ^^^^^^
    ...<2 lines>...
        allow_nan=ensure_all_finite == "allow-nan",
        ^^^^^^^^^^^^^^^^^^^^^^^^^^^^^^^^^^^^^^^^^^^
    )
    ^
  File "E:\Miniconda3\Lib\site-packages\sklearn\utils\validation.py", line 133, in _assert_all_finite
    _assert_all_finite_element_wise(
    ~~~~~~~~~~~~~~~~~~~~~~~~~~~~~~~^
        X,
        ^^
    ...<4 lines>...
        input_name=input_name,
        ^^^^^^^^^^^^^^^^^^^^^^
    )
    ^
  File "E:\Miniconda3\Lib\site-packages\sklearn\utils\validation.py", line 182, in _assert_all_finite_element_wise
    raise ValueError(msg_err)
ValueError: Input X contains NaN.
KMeans does not accept missing values encoded as NaN natively. For supervised learning, you might want to consider sklearn.ensemble.HistGradientBoostingClassifier and Regressor which accept missing values encoded as NaNs natively. Alternatively, it is possible to preprocess the data, for instance by using an imputer transformer in a pipeline or drop samples with missing values. See https://scikit-learn.org/stable/modules/impute.html You can find a list of all estimators that handle NaN values at the following page: https://scikit-learn.org/stable/modules/impute.html#estimators-that-handle-nan-values
