[01:53:55] test split: 242 tiles
[01:53:55] loaded frozen <- last.pt
[01:53:55] loaded win <- ep0187.pt
[01:54:25] 10/242 tiles  (2.91s/tile)
[01:54:54] 20/242 tiles  (2.94s/tile)
[01:55:23] 30/242 tiles  (2.92s/tile)
[01:55:55] 40/242 tiles  (3.00s/tile)
[01:56:27] 50/242 tiles  (3.04s/tile)
[01:56:59] 60/242 tiles  (3.06s/tile)
[01:57:30] 70/242 tiles  (3.06s/tile)
[01:58:03] 80/242 tiles  (3.09s/tile)
[01:58:34] 90/242 tiles  (3.09s/tile)
[01:59:07] 100/242 tiles  (3.12s/tile)
[01:59:39] 110/242 tiles  (3.12s/tile)
[02:00:10] 120/242 tiles  (3.12s/tile)
[02:00:44] 130/242 tiles  (3.14s/tile)
[02:01:20] 140/242 tiles  (3.17s/tile)
[02:01:51] 150/242 tiles  (3.17s/tile)
[02:02:21] 160/242 tiles  (3.16s/tile)
[02:02:51] 170/242 tiles  (3.15s/tile)
[02:03:21] 180/242 tiles  (3.14s/tile)
[02:03:52] 190/242 tiles  (3.14s/tile)
[02:04:26] 200/242 tiles  (3.15s/tile)
[02:05:00] 210/242 tiles  (3.16s/tile)
[02:05:29] 220/242 tiles  (3.15s/tile)
[02:06:00] 230/242 tiles  (3.15s/tile)
[02:06:29] 240/242 tiles  (3.14s/tile)
[02:06:35] 242/242 tiles  (3.14s/tile)
[02:06:40] saved pixels.npz  (13,705,512 valid pixels, subsample 4,000,000)
[02:06:40] saved tiles.npz  (6 tiles)
[02:06:40] saved moments.json
[02:06:40] saved hist.npz + exceed.npz
[02:06:40] saved per_tile.json + autocorr.json
[02:06:40] DONE
